// Jest Snapshot v1, https://goo.gl/fbAQLP

exports[`Matches snapshot 1`] = `
<DocumentFragment>
  <td
    class="Cell "
    data-testid="cell"
  />
</DocumentFragment>
`;
