// Jest Snapshot v1, https://goo.gl/fbAQLP

exports[`should match snapshot 1`] = `
<DocumentFragment>
  <div
    class="Color"
  >
    <h1
      class="ColorHeader"
    />
    <a
      href="/colors"
    >
      Go to color picker
    </a>
  </div>
</DocumentFragment>
`;
