// Jest Snapshot v1, https://goo.gl/fbAQLP

exports[`Should match snapshot 1`] = `
<DocumentFragment>
  <div
    style="background-color: black;"
  >
    <button>
      X
    </button>
  </div>
</DocumentFragment>
`;
